normal CLI die 0.15.9 sha256 b56f42c174f7e288dea2ac007333c543643d3bc38fbffc45d77a0fba0c96f547
215 |   while (Date.now() - start < timeout) {
216 |     const frame = pane();
217 |     if (frame.includes(needle)) return frame;
218 |     await Bun.sleep(80);
219 |   }
220 |   throw Error("PTY missing " + needle + "\n" + pane());
              ^
error: PTY missing Remote · inbox
 [die-remote]

 Remote 3625e9e6-0349-4871-b859-b3c697e03515 · capability request: repo.read · on-demand.txt · /remote to review


 [die-remote]

 Remote 3625e9e6-0349-4871-b859-b3c697e03515 · capability request: shell.execute · rm -rf / · /remote to review


 [die-remote]

 Remote error: Error: Invalid capability kind; no grant sent
 No answer or confirmed cancellation should be inferred from a failed/uncertain submission; inspect saved status.


────────────────────────────────────────────────────────────────────────────────────────────────────────────────────────
Task · REMOTE_FIXTURE_CAPABILITY_PTY

View cached transcript

Available offline
> Filter…
→ View cached transcript                                                          Available offline
  View saved task details                                                         Saved status, errors and pending req
  Local capabilities…                                                             Human-only grants and revocation · s
  Sync task                                                                       Fetch owner updates
  Cancel task…                                                                    Requires confirmation
↑↓ · PgUp/PgDn details · type · Enter · Esc
────────────────────────────────────────────────────────────────────────────────────────────────────────────────────────
remote: menu snapshot updated · Refresh from remote to reload $0.000 C0.3% cache est ?                     fixture-model





      at <anonymous> (/home/tnfssc/.die/worktrees/die-a86675007a5e-task_f0abdd8e/scripts/remote-capability-pty-e2e.ts:220:9)

Bun v1.4.2 (Linux x64)
