normal CLI die 0.15.9 sha256 b56f42c174f7e288dea2ac007333c543643d3bc38fbffc45d77a0fba0c96f547
215 |   while (Date.now() - start < timeout) {
216 |     const frame = pane();
217 |     if (frame.includes(needle)) return frame;
218 |     await Bun.sleep(80);
219 |   }
220 |   throw Error("PTY missing " + needle + "\n" + pane());
              ^
error: PTY missing > repo.read

 Remote 739f3533-cfd6-4226-b86f-26ee0fdd69ec · capability request: shell.execute · rm -rf / · /remote to review


 [die-remote]

 Remote error: Error: Invalid capability kind; no grant sent
 No answer or confirmed cancellation should be inferred from a failed/uncertain submission; inspect saved status.


 [die-remote]

 Remote error: Error: Remote request changed; no grant sent
 No answer or confirmed cancellation should be inferred from a failed/uncertain submission; inspect saved status.


────────────────────────────────────────────────────────────────────────────────────────────────────────────────────────
Local capabilities · REMOTE_FIXTURE_CAPABILITY_PTY

Request: shell.execute

rm -rf /
> Filter…
→ Request: shell.execute                                                          rm -rf /
  Request: tool:git-diff                                                          tracked.txt
  Request: repo.read                                                              on-demand.txt
  Choose a capability…                                                            Explicit read-only local repository
↑↓ · PgUp/PgDn details · type · Enter · Esc
────────────────────────────────────────────────────────────────────────────────────────────────────────────────────────
remote: menu snapshot current · Refresh from remote to reload $0.000 C0.4% cache est ?                     fixture-model






      at <anonymous> (/home/tnfssc/.die/worktrees/die-a86675007a5e-task_f0abdd8e/scripts/remote-capability-pty-e2e.ts:220:9)
      at async <anonymous> (/home/tnfssc/.die/worktrees/die-a86675007a5e-task_f0abdd8e/scripts/remote-capability-pty-e2e.ts:249:9)

Bun v1.4.2 (Linux x64)
