normal CLI die 0.15.9 sha256 b56f42c174f7e288dea2ac007333c543643d3bc38fbffc45d77a0fba0c96f547
215 |   while (Date.now() - start < timeout) {
216 |     const frame = pane();
217 |     if (frame.includes(needle)) return frame;
218 |     await Bun.sleep(80);
219 |   }
220 |   throw Error("PTY missing " + needle + "\n" + pane());
              ^
error: PTY missing REMOTE_FIXTURE_CAPABILITY_PTY
 This project is not trusted. Project .die resources and packages are ignored. Use /trust to save a trust decision,
 then restart pi.

 Warning: tmux extended-keys is off. Modified Enter keys may not work. Add `set -g extended-keys on` to ~/.tmux.conf
 and restart tmux.


 [die-remote]

 Remote ae3c52d0-1d90-41e1-a929-6cf59e7c698a · capability request: repo.read · on-demand.txt · /remote to review


 [die-remote]

 Remote ae3c52d0-1d90-41e1-a929-6cf59e7c698a · capability request: shell.execute · rm -rf / · /remote to review



remote: 1 active · 1 review · capability-test-repo · mode: orchestrator · $0.000 · ctx 0.2% · cache est ?  fixture-model

















      at <anonymous> (/home/tnfssc/.die/worktrees/die-a86675007a5e-task_f0abdd8e/scripts/remote-capability-pty-e2e.ts:220:9)

Bun v1.4.2 (Linux x64)
