normal CLI die 0.15.9 sha256 79afa2afb9f16f63c9fc28f59aab3209533f13d280618345e40ff7dde766c5c1
215 |   while (Date.now() - start < timeout) {
216 |     const frame = pane();
217 |     if (frame.includes(needle)) return frame;
218 |     await Bun.sleep(80);
219 |   }
220 |   throw Error("PTY missing " + needle + "\n" + pane());
              ^
error: PTY missing Remote · inbox

 [die-remote]

 Remote 1ef636a0-c5d2-4e47-ae26-7c7a3ce32610 · capability request: tool:git-diff · tracked.txt · /remote to review


 [die-remote]

 Remote error: Error: Remote request changed; no grant sent
 No answer or confirmed cancellation should be inferred from a failed/uncertain submission; inspect saved status.


 [die-remote]

 {"grant":{"id":"grant_f2632db9b6c27a408fd1c15d7a75043b94eff1233a62c582f798b233cb2cb2be","taskId":"1ef636a0-c5d2-4e47-a
 e26-7c7a3ce32610","kinds":["repo.read"]},"scope":"/home/tnfssc/.die/worktrees/die-a86675007a5e-task_f0abdd8e/.cache/re
 mote-e2e.RRyf9R/home/capability-test-repo","authority":"Explicit read-only repo capability grant; no credentials or
 arbitrary shell"}


────────────────────────────────────────────────────────────────────────────────────────────────────────────────────────
Task · REMOTE_FIXTURE_CAPABILITY_PTY

View cached transcript

Available offline
> Filter…
→ View cached transcript                                                          Available offline
  View saved task details                                                         Saved status, errors and pending req
  Local capabilities…                                                             Human-only grants and revocation · s
  Sync task                                                                       Fetch owner updates
  Cancel task…                                                                    Requires confirmation
↑↓ · PgUp/PgDn details · type · Enter · Esc
────────────────────────────────────────────────────────────────────────────────────────────────────────────────────────
remote: menu snapshot updated · Refresh from remote to reload $0.000 C0.8% cache est ?                     fixture-model

      at <anonymous> (/home/tnfssc/.die/worktrees/die-a86675007a5e-task_f0abdd8e/scripts/remote-capability-pty-e2e.ts:220:9)

Bun v1.4.2 (Linux x64)
