normal CLI die 0.15.9 sha256 79afa2afb9f16f63c9fc28f59aab3209533f13d280618345e40ff7dde766c5c1
accepted launch reply lost, same taskId recovered 69cb8b0c-b9f8-4108-b7cd-9820bccf1a8a owner pid 47 owner task count 1
accepted reply lost after owner response, reconciled same replyId 89d21599-8e44-47df-9c88-ca3aa985c621 owner status uncertain rpc sage_end","message":{"role":"custom","customType":"die-remote","content":"Remote error: Error: Native reply outcome uncertain: Error: SSH remote control failed: fixture: accepted owner answer response intentionally lost; retry only this question with the same replyId\n/remote status shows saved task/question IDs. Offline transcript remains available; uncertain operations must reconcile the same ID.","display":true,"timestamp":1790541608358}}
{"type":"response","command":"prompt","success":true}

22 | };
23 | const key = (...keys: string[]) => tmux("send-keys", "-t", "recovery", ...keys);
24 | const type = (s: string) => { tmux("set-buffer", "-b", "fixture", s); tmux("paste-buffer", "-b", "fixture", "-t", "recovery"); key("Enter"); };
25 | const state = (): any => JSON.parse(readFileSync(statePath, "utf8"));
26 | const wait = async (fn: () => boolean, label: string, ms = 30000) => {
27 |   const start = Date.now(); while (!fn()) { if (Date.now() - start > ms) throw Error("timeout " + label + " pane=" + pane() + " state=" + (existsSync(statePath) ? JSON.stringify(state()).slice(-1000) : "none")); await Bun.sleep(80); }
                                                                                    ^
error: timeout actual resume menu pane=

 [die-remote]

 Remote 69cb8b0c-b9f8-4108-b7cd-9820bccf1a8a · question q_0d4535cb-9276-42bc-aa06-321a0f380b03:
 REMOTE_FIXTURE_MENU_QUESTION · /remote to answer


 [die-remote]

 Remote 2e5aef4c-1500-455f-8e27-a95019f9d02e · accepted
 Warning: transcript incomplete.
 Last synchronized state, not live status. /remote transcript 2e5aef4c-1500-455f-8e27-a95019f9d02e for full events.

 ⚠ Task attention · SSH job ssh:MmU1YWVmNGMtMTUwMC00NTVmLThlMjctYTk1MDE5ZjlkMDJl needs human action (delivery ["fabc...
 Error: 500 no model calls in command-only fixture
 Error: 500 no model calls in command-only fixture
 Error: 500 no model calls in command-only fixture
 Error: 500 no model calls in command-only fixture

 Error: Retry failed after 3 attempts: 500 no model calls in command-only fixture


────────────────────────────────────────────────────────────────────────────────────────────────────────────────────────

Resume Session (Current Folder)                                      ◉ Current Folder | ○ All  Name: All  Sort: Threaded
tab scope · re:<pattern> regex · "phrase" exact
ctrl+s sort · ctrl+n named · ctrl+d delete · ctrl+p path (off) · ctrl+r rename

>

› ● root · DOGFOOD_NEW_SESSION                                                                                     4 now

────────────────────────────────────────────────────────────────────────────────────────────────────────────────────────
remote: 2 active · 2 question(s) $0.000 C4.2% cache est ? die-a86675007a5e-task_f0abdd8e                   fixture-model
 state=":"off"},"questions":[{"id":"q_ffb59e77-1372-4bc8-b90e-b44f83968eb7","owner":{"sessionId":"01a0e498-ea3a-77ce-a469-1ecd15bc49fb","branchId":"753de55c"},"text":"REMOTE_FIXTURE_MENU_QUESTION","status":"pending","version":2,"createdAt":"2026-09-27T20:40:22.119Z","updatedAt":"2026-09-27T20:40:22.126Z","dedupKey":"remote-menu-question","choices":["REMOTE_FIXTURE_MENU_FIRST","REMOTE_FIXTURE_MENU_SECOND_LONG_CHOICE_WITH_TAIL_VISIBLE_ON_NARROW_TERMINAL"],"allowFreeText":true,"requester":"Parent","blocked":{"checkpoint":"Need menu answer","foreground":true},"readOnly":false}],"capabilities":[],"capabilityNeeds":[]},"transcriptComplete":true,"lastSync":"2026-09-27T20:41:00.722Z"}},"connection":{"host":"fixture-owner","diePath":"/usr/local/bin/die","hello":{"protocol":1,"ownerId":"fabc3b07-14a8-48ca-b695-b9dee8f4a6cc","epoch":"3aa63775-89ef-4f3b-b244-465a83042868","version":"0.15.9","platform":"linux","profile":{"name":"normal","model":"fixture/fixture-model","thinking":"off","auth":"unknown"}}}}
      at <anonymous> (/home/tnfssc/.die/worktrees/die-a86675007a5e-task_f0abdd8e/scripts/remote-recovery-e2e.ts:27:80)

Bun v1.4.2 (Linux x64)
